###############################################################################
#
# IAR ELF Linker V7.10.1.6676/W32 for ARM                 10/Jun/2019  09:21:45
# Copyright 2007-2014 IAR Systems AB.
#
#    Output file  =  
#        D:\WAVESHARE_STM32_IAR_DEV\Open429I-C-Demo-Iar\Projects\StepperMotorController\EWARM\StepperMotorController\Exe\StepperMotorController.out
#    Map file     =  
#        D:\WAVESHARE_STM32_IAR_DEV\Open429I-C-Demo-Iar\Projects\StepperMotorController\EWARM\StepperMotorController/List\StepperMotorController.map
#    Command line =  
#        D:\WAVESHARE_STM32_IAR_DEV\Open429I-C-Demo-Iar\Projects\StepperMotorController\EWARM\StepperMotorController\Obj\main.o
#        D:\WAVESHARE_STM32_IAR_DEV\Open429I-C-Demo-Iar\Projects\StepperMotorController\EWARM\StepperMotorController\Obj\startup_stm32f429xx.o
#        D:\WAVESHARE_STM32_IAR_DEV\Open429I-C-Demo-Iar\Projects\StepperMotorController\EWARM\StepperMotorController\Obj\stm32f4xx_hal.o
#        D:\WAVESHARE_STM32_IAR_DEV\Open429I-C-Demo-Iar\Projects\StepperMotorController\EWARM\StepperMotorController\Obj\stm32f4xx_hal_cortex.o
#        D:\WAVESHARE_STM32_IAR_DEV\Open429I-C-Demo-Iar\Projects\StepperMotorController\EWARM\StepperMotorController\Obj\stm32f4xx_hal_dma.o
#        D:\WAVESHARE_STM32_IAR_DEV\Open429I-C-Demo-Iar\Projects\StepperMotorController\EWARM\StepperMotorController\Obj\stm32f4xx_hal_dma_ex.o
#        D:\WAVESHARE_STM32_IAR_DEV\Open429I-C-Demo-Iar\Projects\StepperMotorController\EWARM\StepperMotorController\Obj\stm32f4xx_hal_flash.o
#        D:\WAVESHARE_STM32_IAR_DEV\Open429I-C-Demo-Iar\Projects\StepperMotorController\EWARM\StepperMotorController\Obj\stm32f4xx_hal_flash_ex.o
#        D:\WAVESHARE_STM32_IAR_DEV\Open429I-C-Demo-Iar\Projects\StepperMotorController\EWARM\StepperMotorController\Obj\stm32f4xx_hal_flash_ramfunc.o
#        D:\WAVESHARE_STM32_IAR_DEV\Open429I-C-Demo-Iar\Projects\StepperMotorController\EWARM\StepperMotorController\Obj\stm32f4xx_hal_gpio.o
#        D:\WAVESHARE_STM32_IAR_DEV\Open429I-C-Demo-Iar\Projects\StepperMotorController\EWARM\StepperMotorController\Obj\stm32f4xx_hal_msp.o
#        D:\WAVESHARE_STM32_IAR_DEV\Open429I-C-Demo-Iar\Projects\StepperMotorController\EWARM\StepperMotorController\Obj\stm32f4xx_hal_pwr.o
#        D:\WAVESHARE_STM32_IAR_DEV\Open429I-C-Demo-Iar\Projects\StepperMotorController\EWARM\StepperMotorController\Obj\stm32f4xx_hal_pwr_ex.o
#        D:\WAVESHARE_STM32_IAR_DEV\Open429I-C-Demo-Iar\Projects\StepperMotorController\EWARM\StepperMotorController\Obj\stm32f4xx_hal_rcc.o
#        D:\WAVESHARE_STM32_IAR_DEV\Open429I-C-Demo-Iar\Projects\StepperMotorController\EWARM\StepperMotorController\Obj\stm32f4xx_hal_rcc_ex.o
#        D:\WAVESHARE_STM32_IAR_DEV\Open429I-C-Demo-Iar\Projects\StepperMotorController\EWARM\StepperMotorController\Obj\stm32f4xx_hal_tim.o
#        D:\WAVESHARE_STM32_IAR_DEV\Open429I-C-Demo-Iar\Projects\StepperMotorController\EWARM\StepperMotorController\Obj\stm32f4xx_hal_tim_ex.o
#        D:\WAVESHARE_STM32_IAR_DEV\Open429I-C-Demo-Iar\Projects\StepperMotorController\EWARM\StepperMotorController\Obj\stm32f4xx_it.o
#        D:\WAVESHARE_STM32_IAR_DEV\Open429I-C-Demo-Iar\Projects\StepperMotorController\EWARM\StepperMotorController\Obj\system_stm32f4xx.o
#        --redirect _Printf=_PrintfFull --redirect _Scanf=_ScanfFull -o
#        D:\WAVESHARE_STM32_IAR_DEV\Open429I-C-Demo-Iar\Projects\StepperMotorController\EWARM\StepperMotorController\Exe\StepperMotorController.out
#        --map
#        D:\WAVESHARE_STM32_IAR_DEV\Open429I-C-Demo-Iar\Projects\StepperMotorController\EWARM\StepperMotorController/List\StepperMotorController.map
#        --config
#        D:\WAVESHARE_STM32_IAR_DEV\Open429I-C-Demo-Iar\Projects\StepperMotorController\EWARM/stm32f429xx_flash.icf
#        --semihosting --entry __iar_program_start --vfe
#
###############################################################################

*******************************************************************************
*** RUNTIME MODEL ATTRIBUTES
***

CppFlavor       = *
__SystemLibrary = DLib


*******************************************************************************
*** PLACEMENT SUMMARY
***

"A1":  place at 0x08000000 { ro section .intvec };
"P1":  place in [from 0x08000000 to 0x081fffff] { ro };
"P2":  place in [from 0x20000000 to 0x2002ffff] { rw, block CSTACK, block HEAP };

  Section            Kind        Address   Size  Object
  -------            ----        -------   ----  ------
"A1":                                     0x1ac
  .intvec            ro code  0x08000000  0x1ac  startup_stm32f429xx.o [1]
                            - 0x080001ac  0x1ac

"P1":                                     0xe14
  .text              ro code  0x080001ac  0x434  stm32f4xx_hal_rcc.o [1]
  .text              ro code  0x080005e0   0xac  stm32f4xx_hal.o [1]
  .text              ro code  0x0800068c   0xee  I64DivMod.o [5]
  .text              ro code  0x0800077a   0x2e  copy_init3.o [5]
  .text              ro code  0x080007a8   0xde  stm32f4xx_hal_cortex.o [1]
  .text              ro code  0x08000886   0x60  stm32f4xx_hal_msp.o [1]
  .text              ro code  0x080008e8    0x2  I64DivZer.o [5]
  .text              ro code  0x080008ec  0x1f0  stm32f4xx_hal_gpio.o [1]
  .text              ro code  0x08000adc  0x1bc  main.o [1]
  .text              ro code  0x08000c98   0x78  stm32f4xx_hal_pwr_ex.o [1]
  .text              ro code  0x08000d10   0x60  system_stm32f4xx.o [1]
  .text              ro code  0x08000d70   0x28  data_init.o [5]
  .iar.init_table    const    0x08000d98   0x14  - Linker created -
  .text              ro code  0x08000dac   0x1e  stm32f4xx_it.o [1]
  .text              ro code  0x08000dcc   0x1a  fpinit_M.o [4]
  .text              ro code  0x08000de8   0x1a  cmain.o [5]
  .text              ro code  0x08000e02    0x4  low_level_init.o [3]
  .text              ro code  0x08000e06    0x4  exit.o [3]
  .text              ro code  0x08000e0c    0xa  cexit.o [5]
  .text              ro code  0x08000e18   0x14  exit.o [6]
  .text              ro code  0x08000e2c   0x10  startup_stm32f429xx.o [1]
  .text              ro code  0x08000e3c    0xc  cstartup_M.o [5]
  .text              ro code  0x08000e48    0x4  startup_stm32f429xx.o [1]
  .text              ro code  0x08000e4c    0x4  startup_stm32f429xx.o [1]
  .text              ro code  0x08000e50    0x4  startup_stm32f429xx.o [1]
  .text              ro code  0x08000e54    0x4  startup_stm32f429xx.o [1]
  .text              ro code  0x08000e58    0x4  startup_stm32f429xx.o [1]
  .text              ro code  0x08000e5c    0x4  startup_stm32f429xx.o [1]
  .text              ro code  0x08000e60    0x4  startup_stm32f429xx.o [1]
  .text              ro code  0x08000e64    0x4  startup_stm32f429xx.o [1]
  .text              ro code  0x08000e68    0x4  startup_stm32f429xx.o [1]
  .text              ro code  0x08000e6c    0x4  startup_stm32f429xx.o [1]
  .text              ro code  0x08000e70    0x4  startup_stm32f429xx.o [1]
  .text              ro code  0x08000e74    0x4  startup_stm32f429xx.o [1]
  .text              ro code  0x08000e78    0x4  startup_stm32f429xx.o [1]
  .text              ro code  0x08000e7c    0x4  startup_stm32f429xx.o [1]
  .text              ro code  0x08000e80    0x4  startup_stm32f429xx.o [1]
  .text              ro code  0x08000e84    0x4  startup_stm32f429xx.o [1]
  .text              ro code  0x08000e88    0x4  startup_stm32f429xx.o [1]
  .text              ro code  0x08000e8c    0x4  startup_stm32f429xx.o [1]
  .text              ro code  0x08000e90    0x4  startup_stm32f429xx.o [1]
  .text              ro code  0x08000e94    0x4  startup_stm32f429xx.o [1]
  .text              ro code  0x08000e98    0x4  startup_stm32f429xx.o [1]
  .text              ro code  0x08000e9c    0x4  startup_stm32f429xx.o [1]
  .text              ro code  0x08000ea0    0x4  startup_stm32f429xx.o [1]
  .text              ro code  0x08000ea4    0x4  startup_stm32f429xx.o [1]
  .text              ro code  0x08000ea8    0x4  startup_stm32f429xx.o [1]
  .text              ro code  0x08000eac    0x4  startup_stm32f429xx.o [1]
  .text              ro code  0x08000eb0    0x4  startup_stm32f429xx.o [1]
  .text              ro code  0x08000eb4    0x4  startup_stm32f429xx.o [1]
  .text              ro code  0x08000eb8    0x4  startup_stm32f429xx.o [1]
  .text              ro code  0x08000ebc    0x4  startup_stm32f429xx.o [1]
  .text              ro code  0x08000ec0    0x4  startup_stm32f429xx.o [1]
  .text              ro code  0x08000ec4    0x4  startup_stm32f429xx.o [1]
  .text              ro code  0x08000ec8    0x4  startup_stm32f429xx.o [1]
  .text              ro code  0x08000ecc    0x4  startup_stm32f429xx.o [1]
  .text              ro code  0x08000ed0    0x4  startup_stm32f429xx.o [1]
  .text              ro code  0x08000ed4    0x4  startup_stm32f429xx.o [1]
  .text              ro code  0x08000ed8    0x4  startup_stm32f429xx.o [1]
  .text              ro code  0x08000edc    0x4  startup_stm32f429xx.o [1]
  .text              ro code  0x08000ee0    0x4  startup_stm32f429xx.o [1]
  .text              ro code  0x08000ee4    0x4  startup_stm32f429xx.o [1]
  .text              ro code  0x08000ee8    0x4  startup_stm32f429xx.o [1]
  .text              ro code  0x08000eec    0x4  startup_stm32f429xx.o [1]
  .text              ro code  0x08000ef0    0x4  startup_stm32f429xx.o [1]
  .text              ro code  0x08000ef4    0x4  startup_stm32f429xx.o [1]
  .text              ro code  0x08000ef8    0x4  startup_stm32f429xx.o [1]
  .text              ro code  0x08000efc    0x4  startup_stm32f429xx.o [1]
  .text              ro code  0x08000f00    0x4  startup_stm32f429xx.o [1]
  .text              ro code  0x08000f04    0x4  startup_stm32f429xx.o [1]
  .text              ro code  0x08000f08    0x4  startup_stm32f429xx.o [1]
  .text              ro code  0x08000f0c    0x4  startup_stm32f429xx.o [1]
  .text              ro code  0x08000f10    0x4  startup_stm32f429xx.o [1]
  .text              ro code  0x08000f14    0x4  startup_stm32f429xx.o [1]
  .text              ro code  0x08000f18    0x4  startup_stm32f429xx.o [1]
  .text              ro code  0x08000f1c    0x4  startup_stm32f429xx.o [1]
  .text              ro code  0x08000f20    0x4  startup_stm32f429xx.o [1]
  .text              ro code  0x08000f24    0x4  startup_stm32f429xx.o [1]
  .text              ro code  0x08000f28    0x4  startup_stm32f429xx.o [1]
  .text              ro code  0x08000f2c    0x4  startup_stm32f429xx.o [1]
  .text              ro code  0x08000f30    0x4  startup_stm32f429xx.o [1]
  .text              ro code  0x08000f34    0x4  startup_stm32f429xx.o [1]
  .text              ro code  0x08000f38    0x4  startup_stm32f429xx.o [1]
  .text              ro code  0x08000f3c    0x4  startup_stm32f429xx.o [1]
  .text              ro code  0x08000f40    0x4  startup_stm32f429xx.o [1]
  .text              ro code  0x08000f44    0x4  startup_stm32f429xx.o [1]
  .text              ro code  0x08000f48    0x4  startup_stm32f429xx.o [1]
  .text              ro code  0x08000f4c    0x4  startup_stm32f429xx.o [1]
  .text              ro code  0x08000f50    0x4  startup_stm32f429xx.o [1]
  .text              ro code  0x08000f54    0x4  startup_stm32f429xx.o [1]
  .text              ro code  0x08000f58    0x4  startup_stm32f429xx.o [1]
  .text              ro code  0x08000f5c    0x4  startup_stm32f429xx.o [1]
  .text              ro code  0x08000f60    0x4  startup_stm32f429xx.o [1]
  .text              ro code  0x08000f64    0x4  startup_stm32f429xx.o [1]
  .text              ro code  0x08000f68    0x4  startup_stm32f429xx.o [1]
  .text              ro code  0x08000f6c    0x4  startup_stm32f429xx.o [1]
  .text              ro code  0x08000f70    0x4  startup_stm32f429xx.o [1]
  .text              ro code  0x08000f74    0x4  startup_stm32f429xx.o [1]
  .text              ro code  0x08000f78    0x4  startup_stm32f429xx.o [1]
  .text              ro code  0x08000f7c    0x4  startup_stm32f429xx.o [1]
  .text              ro code  0x08000f80    0x4  startup_stm32f429xx.o [1]
  .text              ro code  0x08000f84    0x4  startup_stm32f429xx.o [1]
  .text              ro code  0x08000f88    0x4  startup_stm32f429xx.o [1]
  .text              ro code  0x08000f8c    0x4  startup_stm32f429xx.o [1]
  .text              ro code  0x08000f90    0x4  startup_stm32f429xx.o [1]
  .text              ro code  0x08000f94    0x4  startup_stm32f429xx.o [1]
  .text              ro code  0x08000f98    0x4  startup_stm32f429xx.o [1]
  .text              ro code  0x08000f9c    0x4  startup_stm32f429xx.o [1]
  .text              ro code  0x08000fa0    0x4  startup_stm32f429xx.o [1]
  .text              ro code  0x08000fa4    0x4  startup_stm32f429xx.o [1]
  .text              ro code  0x08000fa8    0x4  startup_stm32f429xx.o [1]
  .text              ro code  0x08000fac    0x4  startup_stm32f429xx.o [1]
  .rodata            const    0x08000fb0    0x0  copy_init3.o [5]
  Initializer bytes  ro data  0x08000fb0   0x10  <for P2 s0>
                            - 0x08000fc0  0xe14

"P2", part 1 of 2:                         0x10
  P2 s0                       0x20000000   0x10  <Init block>
    .data            inited   0x20000000    0xc  stm32f4xx_hal.o [1]
    .data            inited   0x2000000c    0x4  system_stm32f4xx.o [1]
                            - 0x20000010   0x10

"P2", part 2 of 2:                        0x400
  CSTACK                      0x20000010  0x400  <Block>
    CSTACK           uninit   0x20000010  0x400  <Block tail>
                            - 0x20000410  0x400


*******************************************************************************
*** INIT TABLE
***

          Address     Size
          -------     ----
Copy (__iar_copy_init3)
    1 source range, total size 0x10:
          0x08000fb0  0x10
    1 destination range, total size 0x10:
          0x20000000  0x10



*******************************************************************************
*** MODULE SUMMARY
***

    Module                  ro code  ro data  rw data
    ------                  -------  -------  -------
D:\WAVESHARE_STM32_IAR_DEV\Open429I-C-Demo-Iar\Projects\StepperMotorController\EWARM\StepperMotorController\Obj: [1]
    main.o                      444
    startup_stm32f429xx.o       804
    stm32f4xx_hal.o             172       12       12
    stm32f4xx_hal_cortex.o      222
    stm32f4xx_hal_gpio.o        496
    stm32f4xx_hal_msp.o          96
    stm32f4xx_hal_pwr_ex.o      120
    stm32f4xx_hal_rcc.o       1 076
    stm32f4xx_it.o               30
    system_stm32f4xx.o           96        4        4
    -------------------------------------------------
    Total:                    3 556       16       16

command line: [2]
    -------------------------------------------------
    Total:

dl7M_tlf.a: [3]
    exit.o                        4
    low_level_init.o              4
    -------------------------------------------------
    Total:                        8

m7M_tlv.a: [4]
    fpinit_M.o                   26
    -------------------------------------------------
    Total:                       26

rt7M_tl.a: [5]
    I64DivMod.o                 238
    I64DivZer.o                   2
    cexit.o                      10
    cmain.o                      26
    copy_init3.o                 46
    cstartup_M.o                 12
    data_init.o                  40
    -------------------------------------------------
    Total:                      374

shb_l.a: [6]
    exit.o                       20
    -------------------------------------------------
    Total:                       20

    Gaps                         12
    Linker created                        20    1 024
-----------------------------------------------------
    Grand Total:              3 996       36    1 040


*******************************************************************************
*** ENTRY LIST
***

Entry                      Address   Size  Type      Object
-----                      -------   ----  ----      ------
?main                   0x08000de9         Code  Gb  cmain.o [5]
AHBPrescTable           0x08000d60   0x10  Data  Gb  system_stm32f4xx.o [1]
BusFault_Handler        0x08000db3    0x2  Code  Gb  stm32f4xx_it.o [1]
CSTACK$$Base            0x20000010          --   Gb  - Linker created -
CSTACK$$Limit           0x20000410          --   Gb  - Linker created -
DebugMon_Handler        0x08000db9    0x2  Code  Gb  stm32f4xx_it.o [1]
HAL_Delay               0x0800065d   0x22  Code  Wk  stm32f4xx_hal.o [1]
HAL_GPIO_Init           0x080008ed  0x1b4  Code  Gb  stm32f4xx_hal_gpio.o [1]
HAL_GPIO_WritePin       0x08000aa1    0x8  Code  Gb  stm32f4xx_hal_gpio.o [1]
HAL_GetTick             0x08000657    0x6  Code  Wk  stm32f4xx_hal.o [1]
HAL_IncTick             0x08000649    0xe  Code  Wk  stm32f4xx_hal.o [1]
HAL_Init                0x080005e1   0x30  Code  Gb  stm32f4xx_hal.o [1]
HAL_InitTick            0x08000611   0x38  Code  Wk  stm32f4xx_hal.o [1]
HAL_MspInit             0x08000887   0x60  Code  Gb  stm32f4xx_hal_msp.o [1]
HAL_NVIC_SetPriority    0x080007e7   0x42  Code  Gb  stm32f4xx_hal_cortex.o [1]
HAL_NVIC_SetPriorityGrouping
                        0x080007cd   0x1a  Code  Gb  stm32f4xx_hal_cortex.o [1]
HAL_PWREx_EnableOverDrive
                        0x08000c99   0x46  Code  Gb  stm32f4xx_hal_pwr_ex.o [1]
HAL_RCC_ClockConfig     0x0800045b  0x10a  Code  Gb  stm32f4xx_hal_rcc.o [1]
HAL_RCC_GetHCLKFreq     0x080005b1    0x6  Code  Gb  stm32f4xx_hal_rcc.o [1]
HAL_RCC_GetSysClockFreq
                        0x08000565   0x4c  Code  Wk  stm32f4xx_hal_rcc.o [1]
HAL_RCC_OscConfig       0x080001ad  0x2a6  Code  Wk  stm32f4xx_hal_rcc.o [1]
HAL_SYSTICK_CLKSourceConfig
                        0x08000851   0x14  Code  Gb  stm32f4xx_hal_cortex.o [1]
HAL_SYSTICK_Callback    0x08000885    0x2  Code  Wk  stm32f4xx_hal_cortex.o [1]
HAL_SYSTICK_Config      0x08000829   0x28  Code  Gb  stm32f4xx_hal_cortex.o [1]
HAL_SYSTICK_IRQHandler  0x0800087d    0x8  Code  Gb  stm32f4xx_hal_cortex.o [1]
HardFault_Handler       0x08000daf    0x2  Code  Gb  stm32f4xx_it.o [1]
MemManage_Handler       0x08000db1    0x2  Code  Gb  stm32f4xx_it.o [1]
NMI_Handler             0x08000dad    0x2  Code  Gb  stm32f4xx_it.o [1]
NVIC_GetPriorityGrouping
                        0x080007a9    0xa  Code  Lc  stm32f4xx_hal_cortex.o [1]
NVIC_SetPriority        0x080007b3   0x1a  Code  Lc  stm32f4xx_hal_cortex.o [1]
PendSV_Handler          0x08000dbb    0x2  Code  Gb  stm32f4xx_it.o [1]
Region$$Table$$Base     0x08000d98          --   Gb  - Linker created -
Region$$Table$$Limit    0x08000dac          --   Gb  - Linker created -
SVC_Handler             0x08000db7    0x2  Code  Gb  stm32f4xx_it.o [1]
SysTick_Handler         0x08000dbd    0xe  Code  Gb  stm32f4xx_it.o [1]
SystemClock_Config      0x08000bd5   0xb2  Code  Gb  main.o [1]
SystemCoreClock         0x2000000c    0x4  Data  Gb  system_stm32f4xx.o [1]
SystemInit              0x08000d11   0x3a  Code  Gb  system_stm32f4xx.o [1]
UsageFault_Handler      0x08000db5    0x2  Code  Gb  stm32f4xx_it.o [1]
__aeabi_ldiv0           0x080008e9         Code  Gb  I64DivZer.o [5]
__aeabi_uldivmod        0x0800068d         Code  Gb  I64DivMod.o [5]
__cmain                 0x08000de9         Code  Gb  cmain.o [5]
__exit                  0x08000e19   0x14  Code  Gb  exit.o [6]
__iar_copy_init3        0x0800077b   0x2e  Code  Gb  copy_init3.o [5]
__iar_data_init3        0x08000d71   0x28  Code  Gb  data_init.o [5]
__iar_init_vfp          0x08000dcd         Code  Gb  fpinit_M.o [4]
__iar_program_start     0x08000e3d         Code  Gb  cstartup_M.o [5]
__low_level_init        0x08000e03    0x4  Code  Gb  low_level_init.o [3]
__vector_table          0x08000000         Data  Gb  startup_stm32f429xx.o [1]
_call_main              0x08000df5         Code  Gb  cmain.o [5]
_exit                   0x08000e0d         Code  Gb  cexit.o [5]
_main                   0x08000dff         Code  Gb  cmain.o [5]
exit                    0x08000e07    0x4  Code  Gb  exit.o [3]
main                    0x08000add   0xe8  Code  Gb  main.o [1]
uwTick                  0x20000004    0x4  Data  Gb  stm32f4xx_hal.o [1]
uwTickFreq              0x20000000    0x1  Data  Gb  stm32f4xx_hal.o [1]
uwTickPrio              0x20000008    0x4  Data  Gb  stm32f4xx_hal.o [1]


[1] = D:\WAVESHARE_STM32_IAR_DEV\Open429I-C-Demo-Iar\Projects\StepperMotorController\EWARM\StepperMotorController\Obj
[2] = command line
[3] = dl7M_tlf.a
[4] = m7M_tlv.a
[5] = rt7M_tl.a
[6] = shb_l.a

  3 996 bytes of readonly  code memory
     36 bytes of readonly  data memory
  1 040 bytes of readwrite data memory

Errors: none
Warnings: none
